<html>
<body>
<pre>
<h1>µVision Build Log</h1>
<h2>Project:</h2>
C:\Users\ramesh\Dropbox\School\EdX\tm4cware\C12_EdgeInterrupt\EdgeInterrupt.uvproj
Project File Date:  04/05/2014

<h2>Output:</h2>
Rebuild target 'EdgeInterrupt'
assembling startup.s...
compiling EdgeInterrupt.c...
linking...
Program Size: Code=1232 RO-data=32 RW-data=4 ZI-data=1124  
".\EdgeInterrupt.axf" - 0 Errors, 0 Warning(s).
Rebuild target 'EdgeInterrupt'
assembling startup.s...
compiling EdgeInterrupt.c...
linking...
Program Size: Code=1244 RO-data=32 RW-data=4 ZI-data=1124  
".\EdgeInterrupt.axf" - 0 Errors, 0 Warning(s).
